LiquidCrystal_I2C.cpp:27:1:LiquidCrystal_I2C::LiquidCrystal_I2C(I2C_HandleTypeDef*, uint8_t, uint8_t, uint8_t)	24	static
LiquidCrystal_I2C.cpp:36:6:void LiquidCrystal_I2C::init()	16	static
LiquidCrystal_I2C.cpp:40:6:void LiquidCrystal_I2C::init_priv()	16	static
LiquidCrystal_I2C.cpp:46:6:void LiquidCrystal_I2C::begin(uint8_t, uint8_t, uint8_t)	16	static
LiquidCrystal_I2C.cpp:104:6:void LiquidCrystal_I2C::clear()	16	static
LiquidCrystal_I2C.cpp:109:6:void LiquidCrystal_I2C::home()	16	static
LiquidCrystal_I2C.cpp:114:6:void LiquidCrystal_I2C::setCursor(uint8_t, uint8_t)	40	static
LiquidCrystal_I2C.cpp:123:6:void LiquidCrystal_I2C::noDisplay()	16	static
LiquidCrystal_I2C.cpp:127:6:void LiquidCrystal_I2C::display()	16	static
LiquidCrystal_I2C.cpp:133:6:void LiquidCrystal_I2C::noCursor()	16	static
LiquidCrystal_I2C.cpp:137:6:void LiquidCrystal_I2C::cursor()	16	static
LiquidCrystal_I2C.cpp:143:6:void LiquidCrystal_I2C::noBlink()	16	static
LiquidCrystal_I2C.cpp:147:6:void LiquidCrystal_I2C::blink()	16	static
LiquidCrystal_I2C.cpp:153:6:void LiquidCrystal_I2C::scrollDisplayLeft()	16	static
LiquidCrystal_I2C.cpp:156:6:void LiquidCrystal_I2C::scrollDisplayRight()	16	static
LiquidCrystal_I2C.cpp:161:6:void LiquidCrystal_I2C::leftToRight()	16	static
LiquidCrystal_I2C.cpp:167:6:void LiquidCrystal_I2C::rightToLeft()	16	static
LiquidCrystal_I2C.cpp:173:6:void LiquidCrystal_I2C::autoscroll()	16	static
LiquidCrystal_I2C.cpp:179:6:void LiquidCrystal_I2C::noAutoscroll()	16	static
LiquidCrystal_I2C.cpp:186:6:void LiquidCrystal_I2C::createChar(uint8_t, uint8_t*)	32	static
LiquidCrystal_I2C.cpp:195:6:void LiquidCrystal_I2C::noBacklight()	16	static
LiquidCrystal_I2C.cpp:200:6:void LiquidCrystal_I2C::backlight()	16	static
LiquidCrystal_I2C.cpp:209:13:void LiquidCrystal_I2C::command(uint8_t)	16	static
LiquidCrystal_I2C.cpp:216:6:)	284	static
LiquidCrystal_I2C.cpp:230:6:void LiquidCrystal_I2C::putchar(uint8_t)	16	static
LiquidCrystal_I2C.cpp:235:6:void LiquidCrystal_I2C::send(uint8_t, uint8_t)	24	static
LiquidCrystal_I2C.cpp:244:6:void LiquidCrystal_I2C::expanderWrite(uint8_t)	16	static
LiquidCrystal_I2C.cpp:252:6:void LiquidCrystal_I2C::pulseEnable(uint8_t)	16	static
LiquidCrystal_I2C.cpp:259:9:uint8_t LiquidCrystal_I2C::writeI2C(uint8_t)	32	static
LiquidCrystal_I2C.cpp:281:6:void LiquidCrystal_I2C::cursor_on()	16	static
LiquidCrystal_I2C.cpp:285:6:void LiquidCrystal_I2C::cursor_off()	16	static
LiquidCrystal_I2C.cpp:289:6:void LiquidCrystal_I2C::blink_on()	16	static
LiquidCrystal_I2C.cpp:293:6:void LiquidCrystal_I2C::blink_off()	16	static
LiquidCrystal_I2C.cpp:297:6:void LiquidCrystal_I2C::load_custom_character(uint8_t, uint8_t*)	24	static
LiquidCrystal_I2C.cpp:301:6:void LiquidCrystal_I2C::setBacklight(uint8_t)	16	static
LiquidCrystal_I2C.cpp:309:6:void LiquidCrystal_I2C::printstr(const char*)	16	static
LiquidCrystal_I2C.cpp:317:6:void LiquidCrystal_I2C::off()	16	static
LiquidCrystal_I2C.cpp:318:6:void LiquidCrystal_I2C::on()	16	static
LiquidCrystal_I2C.cpp:319:6:void LiquidCrystal_I2C::setDelay(int, int)	24	static
LiquidCrystal_I2C.cpp:320:9:uint8_t LiquidCrystal_I2C::status()	16	static
LiquidCrystal_I2C.cpp:321:9:uint8_t LiquidCrystal_I2C::keypad()	16	static
LiquidCrystal_I2C.cpp:322:9:uint8_t LiquidCrystal_I2C::init_bargraph(uint8_t)	16	static
LiquidCrystal_I2C.cpp:323:6:void LiquidCrystal_I2C::draw_horizontal_graph(uint8_t, uint8_t, uint8_t, uint8_t)	16	static
LiquidCrystal_I2C.cpp:324:6:void LiquidCrystal_I2C::draw_vertical_graph(uint8_t, uint8_t, uint8_t, uint8_t)	16	static
LiquidCrystal_I2C.cpp:325:6:void LiquidCrystal_I2C::setContrast(uint8_t)	16	static
